Simulator report for advisor_ent
Sat Oct 01 00:03:18 2005
Version 5.0 Build 168 06/22/2005 Service Pack 1 SJ Web Edition


---------------------
; Table of Contents ;
---------------------
  1. Legal Notice
  2. Simulator Summary
  3. Simulator Settings
  4. Simulation Waveforms
  5. Simulator INI Usage
  6. Simulator Messages



----------------
; Legal Notice ;
----------------
Copyright (C) 1991-2005 Altera Corporation
Your use of Altera Corporation's design tools, logic functions 
and other software and tools, and its AMPP partner logic       
functions, and any output files any of the foregoing           
(including device programming or simulation files), and any    
associated documentation or information are expressly subject  
to the terms and conditions of the Altera Program License      
Subscription Agreement, Altera MegaCore Function License       
Agreement, or other applicable license agreement, including,   
without limitation, that your use is for the sole purpose of   
programming logic devices manufactured by Altera and sold by   
Altera or its authorized distributors.  Please refer to the    
applicable agreement for further details.



+--------------------------------------------+
; Simulator Summary                          ;
+-----------------------------+--------------+
; Type                        ; Value        ;
+-----------------------------+--------------+
; Simulation Start Time       ; 0 ps         ;
; Simulation End Time         ; 1.0 us       ;
; Simulation Netlist Size     ; 9 nodes      ;
; Simulation Coverage         ;     100.00 % ;
; Total Number of Transitions ; 152          ;
+-----------------------------+--------------+


+-----------------------------------------------------------------+
; Simulator Settings                                              ;
+-------------------------------------------------------+---------+
; Option                                                ; Setting ;
+-------------------------------------------------------+---------+
; Simulation mode                                       ; Timing  ;
; Start time                                            ; 0.0ns   ;
; End time                                              ; 1.0us   ;
; Add pins automatically to simulation output waveforms ; On      ;
; Check outputs                                         ; Off     ;
; Report simulation coverage                            ; On      ;
; Detect setup and hold time violations                 ; Off     ;
; Detect glitches                                       ; Off     ;
; Automatically save/load simulation netlist            ; Off     ;
; Disable timing delays in Timing Simulation            ; Off     ;
; Generate Signal Activity File                         ; Off     ;
+-------------------------------------------------------+---------+


+----------------------+
; Simulation Waveforms ;
+----------------------+
Waveform report data cannot be output to ASCII.
Please use Quartus II to view the waveform report data.


+---------------------+
; Simulator INI Usage ;
+--------+------------+
; Option ; Usage      ;
+--------+------------+


+--------------------+
; Simulator Messages ;
+--------------------+
Info: *******************************************************************
Info: Running Quartus II Simulator
    Info: Version 5.0 Build 168 06/22/2005 Service Pack 1 SJ Web Edition
    Info: Processing started: Sat Oct 01 00:03:14 2005
Info: Command: quartus_sim --read_settings_files=on --write_settings_files=off advisor_ent -c advisor_ent
Warning: Ignored Overwrite simulation input file with simulation results option - valid only for Vector Waveform Files or Vector Table Files
Info: Simulation coverage is     100.00 %
Info: Number of transitions in simulation is 152
Info: Quartus II Simulator was successful. 0 errors, 1 warning
    Info: Processing ended: Sat Oct 01 00:03:16 2005
    Info: Elapsed time: 00:00:02


