Analysis & Synthesis report for simple
Sat Oct 01 00:50:21 2005
Version 5.0 Build 168 06/22/2005 Service Pack 1 SJ Web Edition


---------------------
; Table of Contents ;
---------------------
  1. Legal Notice
  2. Analysis & Synthesis Summary
  3. Analysis & Synthesis Settings
  4. Analysis & Synthesis Source Files Read
  5. Analysis & Synthesis Resource Usage Summary
  6. Analysis & Synthesis Resource Utilization by Entity
  7. Analysis & Synthesis Equations
  8. Analysis & Synthesis Messages



----------------
; Legal Notice ;
----------------
Copyright (C) 1991-2005 Altera Corporation
Your use of Altera Corporation's design tools, logic functions 
and other software and tools, and its AMPP partner logic       
functions, and any output files any of the foregoing           
(including device programming or simulation files), and any    
associated documentation or information are expressly subject  
to the terms and conditions of the Altera Program License      
Subscription Agreement, Altera MegaCore Function License       
Agreement, or other applicable license agreement, including,   
without limitation, that your use is for the sole purpose of   
programming logic devices manufactured by Altera and sold by   
Altera or its authorized distributors.  Please refer to the    
applicable agreement for further details.



+----------------------------------------------------------------------------+
; Analysis & Synthesis Summary                                               ;
+-----------------------------+----------------------------------------------+
; Analysis & Synthesis Status ; Successful - Sat Oct 01 00:50:21 2005        ;
; Quartus II Version          ; 5.0 Build 168 06/22/2005 SP 1 SJ Web Edition ;
; Revision Name               ; simple                                       ;
; Top-level Entity Name       ; simple                                       ;
; Family                      ; MAX7000S                                     ;
; Total macrocells            ; 2                                            ;
; Total pins                  ; 7                                            ;
+-----------------------------+----------------------------------------------+


+-------------------------------------------------------------------------------------------------------+
; Analysis & Synthesis Settings                                                                         ;
+----------------------------------------------------------------------+----------------+---------------+
; Option                                                               ; Setting        ; Default Value ;
+----------------------------------------------------------------------+----------------+---------------+
; Device                                                               ; EPM7128SLC84-7 ;               ;
; Top-level entity name                                                ; simple         ; simple        ;
; Family name                                                          ; MAX7000S       ; Stratix       ;
; Use smart compilation                                                ; Off            ; Off           ;
; Create Debugging Nodes for IP Cores                                  ; off            ; off           ;
; Preserve fewer node names                                            ; On             ; On            ;
; Disable OpenCore Plus hardware evaluation                            ; Off            ; Off           ;
; Verilog Version                                                      ; Verilog_2001   ; Verilog_2001  ;
; VHDL Version                                                         ; VHDL93         ; VHDL93        ;
; State Machine Processing                                             ; Auto           ; Auto          ;
; Extract Verilog State Machines                                       ; On             ; On            ;
; Extract VHDL State Machines                                          ; On             ; On            ;
; Add Pass-Through Logic to Inferred RAMs                              ; On             ; On            ;
; NOT Gate Push-Back                                                   ; On             ; On            ;
; Power-Up Don't Care                                                  ; On             ; On            ;
; Remove Redundant Logic Cells                                         ; Off            ; Off           ;
; Remove Duplicate Registers                                           ; On             ; On            ;
; Ignore CARRY Buffers                                                 ; Off            ; Off           ;
; Ignore CASCADE Buffers                                               ; Off            ; Off           ;
; Ignore GLOBAL Buffers                                                ; Off            ; Off           ;
; Ignore ROW GLOBAL Buffers                                            ; Off            ; Off           ;
; Ignore LCELL Buffers -- MAX 7000B/7000AE/3000A/7000S/7000A           ; Auto           ; Auto          ;
; Ignore SOFT Buffers -- MAX 7000B/7000AE/3000A/7000S/7000A            ; Off            ; Off           ;
; Limit AHDL Integers to 32 Bits                                       ; Off            ; Off           ;
; Optimization Technique -- MAX 7000B/7000AE/3000A/7000S/7000A         ; Speed          ; Speed         ;
; Allow XOR Gate Usage                                                 ; On             ; On            ;
; Auto Logic Cell Insertion                                            ; On             ; On            ;
; Parallel Expander Chain Length -- MAX 7000B/7000AE/3000A/7000S/7000A ; 4              ; 4             ;
; Auto Parallel Expanders                                              ; On             ; On            ;
; Auto Open-Drain Pins                                                 ; On             ; On            ;
; Remove Duplicate Logic                                               ; On             ; On            ;
; Auto Resource Sharing                                                ; Off            ; Off           ;
; Maximum Fan-in Per Macrocell -- MAX 7000B/7000AE/3000A/7000S/7000A   ; 100            ; 100           ;
; Ignore translate_off and translate_on Synthesis Directives           ; Off            ; Off           ;
; Show Parameter Settings Tables in Synthesis Report                   ; On             ; On            ;
+----------------------------------------------------------------------+----------------+---------------+


+---------------------------------------------------------------------------------------------------------------+
; Analysis & Synthesis Source Files Read                                                                        ;
+----------------------------------+-----------------+---------------------------+------------------------------+
; File Name with User-Entered Path ; Used in Netlist ; File Type                 ; File Name with Absolute Path ;
+----------------------------------+-----------------+---------------------------+------------------------------+
; simple.gdf                       ; yes             ; User Graphic Design File  ; D:/lab4/simple.gdf           ;
+----------------------------------+-----------------+---------------------------+------------------------------+


+---------------------------------------------+
; Analysis & Synthesis Resource Usage Summary ;
+----------------------+----------------------+
; Resource             ; Usage                ;
+----------------------+----------------------+
; Logic cells          ; 2                    ;
; Total registers      ; 0                    ;
; I/O pins             ; 7                    ;
; Maximum fan-out node ; C                    ;
; Maximum fan-out      ; 2                    ;
; Total fan-out        ; 8                    ;
; Average fan-out      ; 0.89                 ;
+----------------------+----------------------+


+----------------------------------------------------------------------+
; Analysis & Synthesis Resource Utilization by Entity                  ;
+----------------------------+------------+------+---------------------+
; Compilation Hierarchy Node ; Macrocells ; Pins ; Full Hierarchy Name ;
+----------------------------+------------+------+---------------------+
; |simple                    ; 2          ; 7    ; |simple             ;
+----------------------------+------------+------+---------------------+


+--------------------------------+
; Analysis & Synthesis Equations ;
+--------------------------------+
The equations can be found in D:/lab4/simple.map.eqn.


+-------------------------------+
; Analysis & Synthesis Messages ;
+-------------------------------+
Info: *******************************************************************
Info: Running Quartus II Analysis & Synthesis
    Info: Version 5.0 Build 168 06/22/2005 Service Pack 1 SJ Web Edition
    Info: Processing started: Sat Oct 01 00:50:13 2005
Info: Command: quartus_map --read_settings_files=on --write_settings_files=off simple -c simple
Info: Found 1 design units, including 1 entities, in source file simple.gdf
    Info: Found entity 1: simple
Info: Elaborating entity "simple" for the top level hierarchy
Info: Implemented 9 device resources after synthesis - the final resource count might be different
    Info: Implemented 5 input pins
    Info: Implemented 2 output pins
    Info: Implemented 2 macrocells
Info: Quartus II Analysis & Synthesis was successful. 0 errors, 0 warnings
    Info: Processing ended: Sat Oct 01 00:50:21 2005
    Info: Elapsed time: 00:00:09


